
C:\Users\cweir\Documents\GitHub\VIRA GITHUB\Bluebrick\Forms\FrmSandbox.cs(1227,22): warning CS8632: The annotation for nullable reference types should only be used in code within a '#nullable' annotations context. [C:\Users\cweir\Documents\GitHub\VIRA GITHUB\Bluebrick\BlueBrick.csproj]
C:\Users\cweir\Documents\GitHub\VIRA GITHUB\Bluebrick\Services\FileWorkspaceManager.cs(51,62): warning CS8632: The annotation for nullable reference types should only be used in code within a '#nullable' annotations context. [C:\Users\cweir\Documents\GitHub\VIRA GITHUB\Bluebrick\BlueBrick.csproj]
C:\Users\cweir\Documents\GitHub\VIRA GITHUB\Bluebrick\Forms\FrmSandbox.cs(749,23): warning CS8632: The annotation for nullable reference types should only be used in code within a '#nullable' annotations context. [C:\Users\cweir\Documents\GitHub\VIRA GITHUB\Bluebrick\BlueBrick.csproj]
C:\Users\cweir\Documents\GitHub\VIRA GITHUB\Bluebrick\Simulation\MockSolidWorksEnvironment.cs(20,50): warning CS8632: The annotation for nullable reference types should only be used in code within a '#nullable' annotations context. [C:\Users\cweir\Documents\GitHub\VIRA GITHUB\Bluebrick\BlueBrick.csproj]
C:\Users\cweir\Documents\GitHub\VIRA GITHUB\Bluebrick\Simulation\MockSolidWorksEnvironment.cs(12,80): warning CS8632: The annotation for nullable reference types should only be used in code within a '#nullable' annotations context. [C:\Users\cweir\Documents\GitHub\VIRA GITHUB\Bluebrick\BlueBrick.csproj]
C:\Users\cweir\Documents\GitHub\VIRA GITHUB\Bluebrick\Simulation\MockSolidWorksEnvironment.cs(33,52): warning CS8632: The annotation for nullable reference types should only be used in code within a '#nullable' annotations context. [C:\Users\cweir\Documents\GitHub\VIRA GITHUB\Bluebrick\BlueBrick.csproj]
C:\Users\cweir\Documents\GitHub\VIRA GITHUB\Bluebrick\Simulation\MockSolidWorksEnvironment.cs(139,22): warning CS8632: The annotation for nullable reference types should only be used in code within a '#nullable' annotations context. [C:\Users\cweir\Documents\GitHub\VIRA GITHUB\Bluebrick\BlueBrick.csproj]
C:\Users\cweir\Documents\GitHub\VIRA GITHUB\Bluebrick\Forms\FrmSandbox.cs(1085,48): warning CS8632: The annotation for nullable reference types should only be used in code within a '#nullable' annotations context. [C:\Users\cweir\Documents\GitHub\VIRA GITHUB\Bluebrick\BlueBrick.csproj]
C:\Users\cweir\Documents\GitHub\VIRA GITHUB\Bluebrick\Simulation\MockSolidWorksEnvironment.cs(112,28): warning CS8632: The annotation for nullable reference types should only be used in code within a '#nullable' annotations context. [C:\Users\cweir\Documents\GitHub\VIRA GITHUB\Bluebrick\BlueBrick.csproj]
C:\Users\cweir\Documents\GitHub\VIRA GITHUB\Bluebrick\Simulation\MockSolidWorksEnvironment.cs(125,88): warning CS8632: The annotation for nullable reference types should only be used in code within a '#nullable' annotations context. [C:\Users\cweir\Documents\GitHub\VIRA GITHUB\Bluebrick\BlueBrick.csproj]
C:\Users\cweir\Documents\GitHub\VIRA GITHUB\Bluebrick\Simulation\MockSolidWorksEnvironment.cs(117,82): warning CS8632: The annotation for nullable reference types should only be used in code within a '#nullable' annotations context. [C:\Users\cweir\Documents\GitHub\VIRA GITHUB\Bluebrick\BlueBrick.csproj]
C:\Users\cweir\Documents\GitHub\VIRA GITHUB\Bluebrick\Forms\FrmSandbox.cs(1109,48): warning CS8632: The annotation for nullable reference types should only be used in code within a '#nullable' annotations context. [C:\Users\cweir\Documents\GitHub\VIRA GITHUB\Bluebrick\BlueBrick.csproj]
C:\Users\cweir\Documents\GitHub\VIRA GITHUB\Bluebrick\Forms\FrmSandbox.cs(1123,49): warning CS8632: The annotation for nullable reference types should only be used in code within a '#nullable' annotations context. [C:\Users\cweir\Documents\GitHub\VIRA GITHUB\Bluebrick\BlueBrick.csproj]
C:\Users\cweir\Documents\GitHub\VIRA GITHUB\Bluebrick\Simulation\MockSolidWorksExecutor.cs(14,59): warning CS8632: The annotation for nullable reference types should only be used in code within a '#nullable' annotations context. [C:\Users\cweir\Documents\GitHub\VIRA GITHUB\Bluebrick\BlueBrick.csproj]
C:\Users\cweir\Documents\GitHub\VIRA GITHUB\Bluebrick\Forms\FrmSandbox.cs(30,40): warning CS8632: The annotation for nullable reference types should only be used in code within a '#nullable' annotations context. [C:\Users\cweir\Documents\GitHub\VIRA GITHUB\Bluebrick\BlueBrick.csproj]
C:\Users\cweir\Documents\GitHub\VIRA GITHUB\Bluebrick\ClsLucky.cs(64,17): warning CS0162: Unreachable code detected [C:\Users\cweir\Documents\GitHub\VIRA GITHUB\Bluebrick\BlueBrick.csproj]
C:\Users\cweir\Documents\GitHub\VIRA GITHUB\Bluebrick\ClsLucky.cs(174,17): warning CS0162: Unreachable code detected [C:\Users\cweir\Documents\GitHub\VIRA GITHUB\Bluebrick\BlueBrick.csproj]
C:\Users\cweir\Documents\GitHub\VIRA GITHUB\Bluebrick\ClsLucky.cs(187,25): warning CS0162: Unreachable code detected [C:\Users\cweir\Documents\GitHub\VIRA GITHUB\Bluebrick\BlueBrick.csproj]
C:\Users\cweir\Documents\GitHub\VIRA GITHUB\Bluebrick\ClsLucky.cs(190,25): warning CS0162: Unreachable code detected [C:\Users\cweir\Documents\GitHub\VIRA GITHUB\Bluebrick\BlueBrick.csproj]
C:\Users\cweir\Documents\GitHub\VIRA GITHUB\Bluebrick\ClsLucky.cs(199,25): warning CS0162: Unreachable code detected [C:\Users\cweir\Documents\GitHub\VIRA GITHUB\Bluebrick\BlueBrick.csproj]
C:\Users\cweir\Documents\GitHub\VIRA GITHUB\Bluebrick\ClsLucky.cs(202,25): warning CS0162: Unreachable code detected [C:\Users\cweir\Documents\GitHub\VIRA GITHUB\Bluebrick\BlueBrick.csproj]
C:\Users\cweir\Documents\GitHub\VIRA GITHUB\Bluebrick\Simulation\MockSolidWorksEnvironment.cs(45,73): warning CS8632: The annotation for nullable reference types should only be used in code within a '#nullable' annotations context. [C:\Users\cweir\Documents\GitHub\VIRA GITHUB\Bluebrick\BlueBrick.csproj]
C:\Users\cweir\Documents\GitHub\VIRA GITHUB\Bluebrick\Simulation\MockSolidWorksEnvironment.cs(62,72): warning CS8632: The annotation for nullable reference types should only be used in code within a '#nullable' annotations context. [C:\Users\cweir\Documents\GitHub\VIRA GITHUB\Bluebrick\BlueBrick.csproj]
C:\Users\cweir\Documents\GitHub\VIRA GITHUB\Bluebrick\Simulation\MockSolidWorksEnvironment.cs(78,70): warning CS8632: The annotation for nullable reference types should only be used in code within a '#nullable' annotations context. [C:\Users\cweir\Documents\GitHub\VIRA GITHUB\Bluebrick\BlueBrick.csproj]
C:\Users\cweir\Documents\GitHub\VIRA GITHUB\Bluebrick\Simulation\MockSolidWorksEnvironment.cs(89,68): warning CS8632: The annotation for nullable reference types should only be used in code within a '#nullable' annotations context. [C:\Users\cweir\Documents\GitHub\VIRA GITHUB\Bluebrick\BlueBrick.csproj]
C:\Users\cweir\Documents\GitHub\VIRA GITHUB\Bluebrick\Agent\GenerateReviewJobManager.cs(231,28): warning CS1998: This async method lacks 'await' operators and will run synchronously. Consider using the 'await' operator to await non-blocking API calls, or 'await Task.Run(...)' to do CPU-bound work on a background thread. [C:\Users\cweir\Documents\GitHub\VIRA GITHUB\Bluebrick\BlueBrick.csproj]
C:\Users\cweir\Documents\GitHub\VIRA GITHUB\Bluebrick\FrmAssistantWindow.cs(40,22): warning CS0414: The field 'FrmAssistantWindow._initFailed' is assigned but its value is never used [C:\Users\cweir\Documents\GitHub\VIRA GITHUB\Bluebrick\BlueBrick.csproj]
C:\Users\cweir\Documents\GitHub\VIRA GITHUB\Bluebrick\FrmAssistantWindow.cs(39,22): warning CS0414: The field 'FrmAssistantWindow._initialized' is assigned but its value is never used [C:\Users\cweir\Documents\GitHub\VIRA GITHUB\Bluebrick\BlueBrick.csproj]
  BlueBrick -> C:\Users\cweir\Documents\GitHub\VIRA GITHUB\Bluebrick\artifacts\beta-acceptance\BB-R06-20260910-SharedAI\build-lab\BlueBrick.Lab.dll
